// Jest Snapshot v1, https://goo.gl/fbAQLP

exports[`index pages render() renders the component 1`] = `undefined`;
